// Jest Snapshot v1, https://goo.gl/fbAQLP

exports[`App should match the snapshot 1`] = `
ShallowWrapper {
  Symbol(enzyme.__root__): [Circular],
  Symbol(enzyme.__unrendered__): <Header />,
  Symbol(enzyme.__renderer__): Object {
    "batchedUpdates": [Function],
    "checkPropTypes": [Function],
    "getNode": [Function],
    "render": [Function],
    "simulateError": [Function],
    "simulateEvent": [Function],
    "unmount": [Function],
  },
  Symbol(enzyme.__node__): Object {
    "instance": null,
    "key": undefined,
    "nodeType": "host",
    "props": Object {
      "children": Array [
        <button
          className="grey nav-btn nav-left"
          onClick={[Function]}
        >
          PREVIOUS
        </button>,
        <div
          className="logo-search"
        >
          <NavLink
            activeClassName="active"
            aria-current="page"
            to="/"
          >
            <h1
              onClick={[Function]}
            >
              <span
                className="red"
              >
                Veter
              </span>
              Informant
            </h1>
          </NavLink>
          <div
            className="search-div"
          >
            <form
              className="search-form"
              onSubmit={[Function]}
            >
              <input
                className="search-input"
                name="search"
                onChange={[Function]}
                type="text"
                value=""
              />
              <button>
                Search
              </button>
            </form>
          </div>
        </div>,
        <button
          className="nav-btn nav-right"
          onClick={[Function]}
        >
          NEXT
        </button>,
      ],
      "className": "header",
    },
    "ref": null,
    "rendered": Array [
      Object {
        "instance": null,
        "key": undefined,
        "nodeType": "host",
        "props": Object {
          "children": "PREVIOUS",
          "className": "grey nav-btn nav-left",
          "onClick": [Function],
        },
        "ref": null,
        "rendered": "PREVIOUS",
        "type": "button",
      },
      Object {
        "instance": null,
        "key": undefined,
        "nodeType": "host",
        "props": Object {
          "children": Array [
            <NavLink
              activeClassName="active"
              aria-current="page"
              to="/"
            >
              <h1
                onClick={[Function]}
              >
                <span
                  className="red"
                >
                  Veter
                </span>
                Informant
              </h1>
            </NavLink>,
            <div
              className="search-div"
            >
              <form
                className="search-form"
                onSubmit={[Function]}
              >
                <input
                  className="search-input"
                  name="search"
                  onChange={[Function]}
                  type="text"
                  value=""
                />
                <button>
                  Search
                </button>
              </form>
            </div>,
          ],
          "className": "logo-search",
        },
        "ref": null,
        "rendered": Array [
          Object {
            "instance": null,
            "key": undefined,
            "nodeType": "function",
            "props": Object {
              "activeClassName": "active",
              "aria-current": "page",
              "children": <h1
                onClick={[Function]}
              >
                <span
                  className="red"
                >
                  Veter
                </span>
                Informant
              </h1>,
              "to": "/",
            },
            "ref": null,
            "rendered": Object {
              "instance": null,
              "key": undefined,
              "nodeType": "host",
              "props": Object {
                "children": Array [
                  <span
                    className="red"
                  >
                    Veter
                  </span>,
                  "Informant",
                ],
                "onClick": [Function],
              },
              "ref": null,
              "rendered": Array [
                Object {
                  "instance": null,
                  "key": undefined,
                  "nodeType": "host",
                  "props": Object {
                    "children": "Veter",
                    "className": "red",
                  },
                  "ref": null,
                  "rendered": "Veter",
                  "type": "span",
                },
                "Informant",
              ],
              "type": "h1",
            },
            "type": [Function],
          },
          Object {
            "instance": null,
            "key": undefined,
            "nodeType": "host",
            "props": Object {
              "children": <form
                className="search-form"
                onSubmit={[Function]}
              >
                <input
                  className="search-input"
                  name="search"
                  onChange={[Function]}
                  type="text"
                  value=""
                />
                <button>
                  Search
                </button>
              </form>,
              "className": "search-div",
            },
            "ref": null,
            "rendered": Object {
              "instance": null,
              "key": undefined,
              "nodeType": "host",
              "props": Object {
                "children": Array [
                  <input
                    className="search-input"
                    name="search"
                    onChange={[Function]}
                    type="text"
                    value=""
                  />,
                  <button>
                    Search
                  </button>,
                ],
                "className": "search-form",
                "onSubmit": [Function],
              },
              "ref": null,
              "rendered": Array [
                Object {
                  "instance": null,
                  "key": undefined,
                  "nodeType": "host",
                  "props": Object {
                    "className": "search-input",
                    "name": "search",
                    "onChange": [Function],
                    "type": "text",
                    "value": "",
                  },
                  "ref": null,
                  "rendered": null,
                  "type": "input",
                },
                Object {
                  "instance": null,
                  "key": undefined,
                  "nodeType": "host",
                  "props": Object {
                    "children": "Search",
                  },
                  "ref": null,
                  "rendered": "Search",
                  "type": "button",
                },
              ],
              "type": "form",
            },
            "type": "div",
          },
        ],
        "type": "div",
      },
      Object {
        "instance": null,
        "key": undefined,
        "nodeType": "host",
        "props": Object {
          "children": "NEXT",
          "className": "nav-btn nav-right",
          "onClick": [Function],
        },
        "ref": null,
        "rendered": "NEXT",
        "type": "button",
      },
    ],
    "type": "header",
  },
  Symbol(enzyme.__nodes__): Array [
    Object {
      "instance": null,
      "key": undefined,
      "nodeType": "host",
      "props": Object {
        "children": Array [
          <button
            className="grey nav-btn nav-left"
            onClick={[Function]}
          >
            PREVIOUS
          </button>,
          <div
            className="logo-search"
          >
            <NavLink
              activeClassName="active"
              aria-current="page"
              to="/"
            >
              <h1
                onClick={[Function]}
              >
                <span
                  className="red"
                >
                  Veter
                </span>
                Informant
              </h1>
            </NavLink>
            <div
              className="search-div"
            >
              <form
                className="search-form"
                onSubmit={[Function]}
              >
                <input
                  className="search-input"
                  name="search"
                  onChange={[Function]}
                  type="text"
                  value=""
                />
                <button>
                  Search
                </button>
              </form>
            </div>
          </div>,
          <button
            className="nav-btn nav-right"
            onClick={[Function]}
          >
            NEXT
          </button>,
        ],
        "className": "header",
      },
      "ref": null,
      "rendered": Array [
        Object {
          "instance": null,
          "key": undefined,
          "nodeType": "host",
          "props": Object {
            "children": "PREVIOUS",
            "className": "grey nav-btn nav-left",
            "onClick": [Function],
          },
          "ref": null,
          "rendered": "PREVIOUS",
          "type": "button",
        },
        Object {
          "instance": null,
          "key": undefined,
          "nodeType": "host",
          "props": Object {
            "children": Array [
              <NavLink
                activeClassName="active"
                aria-current="page"
                to="/"
              >
                <h1
                  onClick={[Function]}
                >
                  <span
                    className="red"
                  >
                    Veter
                  </span>
                  Informant
                </h1>
              </NavLink>,
              <div
                className="search-div"
              >
                <form
                  className="search-form"
                  onSubmit={[Function]}
                >
                  <input
                    className="search-input"
                    name="search"
                    onChange={[Function]}
                    type="text"
                    value=""
                  />
                  <button>
                    Search
                  </button>
                </form>
              </div>,
            ],
            "className": "logo-search",
          },
          "ref": null,
          "rendered": Array [
            Object {
              "instance": null,
              "key": undefined,
              "nodeType": "function",
              "props": Object {
                "activeClassName": "active",
                "aria-current": "page",
                "children": <h1
                  onClick={[Function]}
                >
                  <span
                    className="red"
                  >
                    Veter
                  </span>
                  Informant
                </h1>,
                "to": "/",
              },
              "ref": null,
              "rendered": Object {
                "instance": null,
                "key": undefined,
                "nodeType": "host",
                "props": Object {
                  "children": Array [
                    <span
                      className="red"
                    >
                      Veter
                    </span>,
                    "Informant",
                  ],
                  "onClick": [Function],
                },
                "ref": null,
                "rendered": Array [
                  Object {
                    "instance": null,
                    "key": undefined,
                    "nodeType": "host",
                    "props": Object {
                      "children": "Veter",
                      "className": "red",
                    },
                    "ref": null,
                    "rendered": "Veter",
                    "type": "span",
                  },
                  "Informant",
                ],
                "type": "h1",
              },
              "type": [Function],
            },
            Object {
              "instance": null,
              "key": undefined,
              "nodeType": "host",
              "props": Object {
                "children": <form
                  className="search-form"
                  onSubmit={[Function]}
                >
                  <input
                    className="search-input"
                    name="search"
                    onChange={[Function]}
                    type="text"
                    value=""
                  />
                  <button>
                    Search
                  </button>
                </form>,
                "className": "search-div",
              },
              "ref": null,
              "rendered": Object {
                "instance": null,
                "key": undefined,
                "nodeType": "host",
                "props": Object {
                  "children": Array [
                    <input
                      className="search-input"
                      name="search"
                      onChange={[Function]}
                      type="text"
                      value=""
                    />,
                    <button>
                      Search
                    </button>,
                  ],
                  "className": "search-form",
                  "onSubmit": [Function],
                },
                "ref": null,
                "rendered": Array [
                  Object {
                    "instance": null,
                    "key": undefined,
                    "nodeType": "host",
                    "props": Object {
                      "className": "search-input",
                      "name": "search",
                      "onChange": [Function],
                      "type": "text",
                      "value": "",
                    },
                    "ref": null,
                    "rendered": null,
                    "type": "input",
                  },
                  Object {
                    "instance": null,
                    "key": undefined,
                    "nodeType": "host",
                    "props": Object {
                      "children": "Search",
                    },
                    "ref": null,
                    "rendered": "Search",
                    "type": "button",
                  },
                ],
                "type": "form",
              },
              "type": "div",
            },
          ],
          "type": "div",
        },
        Object {
          "instance": null,
          "key": undefined,
          "nodeType": "host",
          "props": Object {
            "children": "NEXT",
            "className": "nav-btn nav-right",
            "onClick": [Function],
          },
          "ref": null,
          "rendered": "NEXT",
          "type": "button",
        },
      ],
      "type": "header",
    },
  ],
  Symbol(enzyme.__options__): Object {
    "adapter": ReactSixteenAdapter {
      "options": Object {
        "enableComponentDidUpdateOnSetState": true,
        "legacyContextMode": "parent",
        "lifecycles": Object {
          "componentDidUpdate": Object {
            "onSetState": true,
          },
          "getChildContext": Object {
            "calledByRenderer": false,
          },
          "getDerivedStateFromError": true,
          "getDerivedStateFromProps": Object {
            "hasShouldComponentUpdateBug": false,
          },
          "getSnapshotBeforeUpdate": true,
          "setState": Object {
            "skipsComponentDidUpdateOnNullish": true,
          },
        },
      },
    },
  },
  Symbol(enzyme.__childContext__): null,
}
`;
